[    0.000000] Initializing cgroup subsys cpuset
[    0.000000] Initializing cgroup subsys cpu
[    0.000000] Initializing cgroup subsys cpuacct
[    0.000000] Linux version 4.4.0-154-generic (buildd@lgw01-amd64-049) (gcc version 5.4.0 20160609 (Ubuntu 5.4.0-6ubuntu1~16.04.10) ) #181-Ubuntu SMP Tue Jun 25 05:29:03 UTC 2019 (Ubuntu 4.4.0-154.181-generic 4.4.179)
[    0.000000] Command line: BOOT_IMAGE=/boot/vmlinuz-4.4.0-154-generic root=LABEL=cloudimg-rootfs ro console=tty1 console=ttyS0
[    0.000000] KERNEL supported cpus:
[    0.000000]   Intel GenuineIntel
[    0.000000]   AMD AuthenticAMD
[    0.000000]   Centaur CentaurHauls
[    0.000000] x86/fpu: xstate_offset[2]:  576, xstate_sizes[2]:  256
[    0.000000] x86/fpu: Supporting XSAVE feature 0x01: 'x87 floating point registers'
[    0.000000] x86/fpu: Supporting XSAVE feature 0x02: 'SSE registers'
[    0.000000] x86/fpu: Supporting XSAVE feature 0x04: 'AVX registers'
[    0.000000] x86/fpu: Enabled xstate features 0x7, context size is 832 bytes, using 'standard' format.
[    0.000000] e820: BIOS-provided physical RAM map:
[    0.000000] BIOS-e820: [mem 0x0000000000000000-0x000000000009fbff] usable
[    0.000000] BIOS-e820: [mem 0x000000000009fc00-0x000000000009ffff] reserved
[    0.000000] BIOS-e820: [mem 0x00000000000f0000-0x00000000000fffff] reserved
[    0.000000] BIOS-e820: [mem 0x0000000000100000-0x000000007ffeffff] usable
[    0.000000] BIOS-e820: [mem 0x000000007fff0000-0x000000007fffffff] ACPI data
[    0.000000] BIOS-e820: [mem 0x00000000fec00000-0x00000000fec00fff] reserved
[    0.000000] BIOS-e820: [mem 0x00000000fee00000-0x00000000fee00fff] reserved
[    0.000000] BIOS-e820: [mem 0x00000000fffc0000-0x00000000ffffffff] reserved
[    0.000000] NX (Execute Disable) protection: active
[    0.000000] SMBIOS 2.5 present.
[    0.000000] Hypervisor detected: KVM
[    0.000000] e820: last_pfn = 0x7fff0 max_arch_pfn = 0x400000000
[    0.000000] MTRR: Disabled
[    0.000000] x86/PAT: MTRRs disabled, skipping PAT initialization too.
[    0.000000] CPU MTRRs all blank - virtualized system.
[    0.000000] x86/PAT: Configuration [0-7]: WB  WT  UC- UC  WB  WT  UC- UC  
[    0.000000] found SMP MP-table at [mem 0x0009fff0-0x0009ffff] mapped at [ffff88000009fff0]
[    0.000000] Scanning 1 areas for low memory corruption
[    0.000000] RAMDISK: [mem 0x362fc000-0x37175fff]
[    0.000000] ACPI: Early table checksum verification disabled
[    0.000000] ACPI: RSDP 0x00000000000E0000 000024 (v02 VBOX  )
[    0.000000] ACPI: XSDT 0x000000007FFF0030 00003C (v01 VBOX   VBOXXSDT 00000001 ASL  00000061)
[    0.000000] ACPI: FACP 0x000000007FFF00F0 0000F4 (v04 VBOX   VBOXFACP 00000001 ASL  00000061)
[    0.000000] ACPI: DSDT 0x000000007FFF0470 0022EA (v02 VBOX   VBOXBIOS 00000002 INTL 20100528)
[    0.000000] ACPI: FACS 0x000000007FFF0200 000040
[    0.000000] ACPI: FACS 0x000000007FFF0200 000040
[    0.000000] ACPI: APIC 0x000000007FFF0240 00005C (v02 VBOX   VBOXAPIC 00000001 ASL  00000061)
[    0.000000] ACPI: SSDT 0x000000007FFF02A0 0001CC (v01 VBOX   VBOXCPUT 00000002 INTL 20100528)
[    0.000000] No NUMA configuration found
[    0.000000] Faking a node at [mem 0x0000000000000000-0x000000007ffeffff]
[    0.000000] NODE_DATA(0) allocated [mem 0x7ffeb000-0x7ffeffff]
[    0.000000] kvm-clock: Using msrs 4b564d01 and 4b564d00
[    0.000000] kvm-clock: cpu 0, msr 0:7ffe3001, primary cpu clock
[    0.000000] kvm-clock: using sched offset of 3335282979 cycles
[    0.000000] clocksource: kvm-clock: mask: 0xffffffffffffffff max_cycles: 0x1cd42e4dffb, max_idle_ns: 881590591483 ns
[    0.000000] Zone ranges:
[    0.000000]   DMA      [mem 0x0000000000001000-0x0000000000ffffff]
[    0.000000]   DMA32    [mem 0x0000000001000000-0x000000007ffeffff]
[    0.000000]   Normal   empty
[    0.000000]   Device   empty
[    0.000000] Movable zone start for each node
[    0.000000] Early memory node ranges
[    0.000000]   node   0: [mem 0x0000000000001000-0x000000000009efff]
[    0.000000]   node   0: [mem 0x0000000000100000-0x000000007ffeffff]
[    0.000000] Initmem setup node 0 [mem 0x0000000000001000-0x000000007ffeffff]
[    0.000000] ACPI: PM-Timer IO Port: 0x4008
[    0.000000] IOAPIC[0]: apic_id 2, version 32, address 0xfec00000, GSI 0-23
[    0.000000] ACPI: INT_SRC_OVR (bus 0 bus_irq 0 global_irq 2 dfl dfl)
[    0.000000] ACPI: INT_SRC_OVR (bus 0 bus_irq 9 global_irq 9 low level)
[    0.000000] Using ACPI (MADT) for SMP configuration information
[    0.000000] smpboot: Allowing 2 CPUs, 0 hotplug CPUs
[    0.000000] PM: Registered nosave memory: [mem 0x00000000-0x00000fff]
[    0.000000] PM: Registered nosave memory: [mem 0x0009f000-0x0009ffff]
[    0.000000] PM: Registered nosave memory: [mem 0x000a0000-0x000effff]
[    0.000000] PM: Registered nosave memory: [mem 0x000f0000-0x000fffff]
[    0.000000] e820: [mem 0x80000000-0xfebfffff] available for PCI devices
[    0.000000] Booting paravirtualized kernel on KVM
[    0.000000] clocksource: refined-jiffies: mask: 0xffffffff max_cycles: 0xffffffff, max_idle_ns: 7645519600211568 ns
[    0.000000] setup_percpu: NR_CPUS:512 nr_cpumask_bits:512 nr_cpu_ids:2 nr_node_ids:1
[    0.000000] PERCPU: Embedded 34 pages/cpu @ffff88007fc00000 s99480 r8192 d31592 u1048576
[    0.000000] Built 1 zonelists in Node order, mobility grouping on.  Total pages: 515960
[    0.000000] Policy zone: DMA32
[    0.000000] Kernel command line: BOOT_IMAGE=/boot/vmlinuz-4.4.0-154-generic root=LABEL=cloudimg-rootfs ro console=tty1 console=ttyS0
[    0.000000] PID hash table entries: 4096 (order: 3, 32768 bytes)
[    0.000000] Memory: 2029928K/2096696K available (8613K kernel code, 1335K rwdata, 4028K rodata, 1484K init, 1284K bss, 66768K reserved, 0K cma-reserved)
[    0.000000] SLUB: HWalign=64, Order=0-3, MinObjects=0, CPUs=2, Nodes=1
[    0.000000] Kernel/User page tables isolation: enabled
[    0.000000] Hierarchical RCU implementation.
[    0.000000] 	Build-time adjustment of leaf fanout to 64.
[    0.000000] 	RCU restricting CPUs from NR_CPUS=512 to nr_cpu_ids=2.
[    0.000000] RCU: Adjusting geometry for rcu_fanout_leaf=64, nr_cpu_ids=2
[    0.000000] NR_IRQS:33024 nr_irqs:440 16
[    0.000000] Console: colour VGA+ 80x25
[    0.000000] console [tty1] enabled
[    0.000000] console [ttyS0] enabled
[    0.000000] tsc: Detected 3407.996 MHz processor
[    0.170830] Calibrating delay loop (skipped) preset value.. 6815.99 BogoMIPS (lpj=13631984)
[    0.172675] pid_max: default: 32768 minimum: 301
[    0.174202] ACPI: Core revision 20150930
[    0.176857] ACPI: 2 ACPI AML tables successfully acquired and loaded
[    0.178198] Security Framework initialized
[    0.179064] Yama: becoming mindful.
[    0.179957] AppArmor: AppArmor initialized
[    0.181781] Dentry cache hash table entries: 262144 (order: 9, 2097152 bytes)
[    0.184191] Inode-cache hash table entries: 131072 (order: 8, 1048576 bytes)
[    0.186408] Mount-cache hash table entries: 4096 (order: 3, 32768 bytes)
[    0.187725] Mountpoint-cache hash table entries: 4096 (order: 3, 32768 bytes)
[    0.189297] Initializing cgroup subsys io
[    0.190245] Initializing cgroup subsys memory
[    0.191214] Initializing cgroup subsys devices
[    0.192164] Initializing cgroup subsys freezer
[    0.193120] Initializing cgroup subsys net_cls
[    0.194109] Initializing cgroup subsys perf_event
[    0.195229] Initializing cgroup subsys net_prio
[    0.196247] Initializing cgroup subsys hugetlb
[    0.197241] Initializing cgroup subsys pids
[    0.199755] mce: CPU supports 0 MCE banks
[    0.200726] Last level iTLB entries: 4KB 128, 2MB 8, 4MB 8
[    0.201826] Last level dTLB entries: 4KB 64, 2MB 0, 4MB 0, 1GB 4
[    0.202991] Spectre V2 : Mitigation: Full generic retpoline
[    0.204124] Spectre V2 : Spectre v2 / SpectreRSB mitigation: Filling RSB on context switch
[    0.205949] Speculative Store Bypass: Vulnerable
[    0.207178] MDS: Vulnerable: Clear CPU buffers attempted, no microcode
[    0.211745] Freeing SMP alternatives memory: 36K
[    0.218970] ftrace: allocating 32299 entries in 127 pages
[    0.281230] smpboot: APIC(0) Converting physical 0 to logical package 0
[    0.282697] smpboot: Max logical packages: 1
[    0.283922] x2apic enabled
[    0.284868] Switched APIC routing to physical x2apic.
[    0.287174] ..TIMER: vector=0x30 apic1=0 pin1=2 apic2=-1 pin2=-1
[    0.394953] smpboot: CPU0: Intel(R) Core(TM) i5-7500 CPU @ 3.40GHz (family: 0x6, model: 0x9e, stepping: 0x9)
[    0.397229] Performance Events: unsupported p6 CPU model 158 no PMU driver, software events only.
[    0.408224] KVM setup paravirtual spinlock
[    0.410266] x86: Booting SMP configuration:
[    0.411198] .... node  #0, CPUs:      #1
[    0.412048] kvm-clock: cpu 1, msr 0:7ffe3041, secondary cpu clock
[    0.413871] mce: CPU supports 0 MCE banks
[    0.416433] x86: Booted up 1 node, 2 CPUs
[    0.417553] smpboot: Total of 2 processors activated (13631.98 BogoMIPS)
[    0.420199] devtmpfs: initialized
[    0.422601] evm: security.selinux
[    0.423522] evm: security.SMACK64
[    0.424285] evm: security.SMACK64EXEC
[    0.425125] evm: security.SMACK64TRANSMUTE
[    0.426015] evm: security.SMACK64MMAP
[    0.426861] evm: security.ima
[    0.427569] evm: security.capability
[    0.428561] clocksource: jiffies: mask: 0xffffffff max_cycles: 0xffffffff, max_idle_ns: 7645041785100000 ns
[    0.430563] futex hash table entries: 512 (order: 3, 32768 bytes)
[    0.431874] pinctrl core: initialized pinctrl subsystem
[    0.433518] RTC time: 13:46:30, date: 07/03/19
[    0.434789] NET: Registered protocol family 16
[    0.447696] cpuidle: using governor ladder
[    0.459532] cpuidle: using governor menu
[    0.462049] PCCT header not found.
[    0.464523] ACPI: bus type PCI registered
[    0.467039] acpiphp: ACPI Hot Plug PCI Controller Driver version: 0.5
[    0.470819] PCI: Using configuration type 1 for base access
[    0.490906] ACPI: Added _OSI(Module Device)
[    0.493726] ACPI: Added _OSI(Processor Device)
[    0.496589] ACPI: Added _OSI(3.0 _SCP Extensions)
[    0.499588] ACPI: Added _OSI(Processor Aggregator Device)
[    0.503996] ACPI: Executed 1 blocks of module-level executable AML code
[    0.511315] ACPI: Interpreter enabled
[    0.512668] ACPI: (supports S0 S5)
[    0.513908] ACPI: Using IOAPIC for interrupt routing
[    0.515703] PCI: Using host bridge windows from ACPI; if necessary, use "pci=nocrs" and report a bug
[    0.522582] ACPI: PCI Root Bridge [PCI0] (domain 0000 [bus 00-ff])
[    0.523948] acpi PNP0A03:00: _OSC: OS supports [ASPM ClockPM Segments MSI]
[    0.526139] acpi PNP0A03:00: _OSC: not requesting OS control; OS requires [ExtendedConfig ASPM ClockPM MSI]
[    0.528276] acpi PNP0A03:00: fail to add MMCONFIG information, can't access extended PCI configuration space under this bridge.
[    0.530900] PCI host bridge to bus 0000:00
[    0.531862] pci_bus 0000:00: root bus resource [io  0x0000-0x0cf7 window]
[    0.533202] pci_bus 0000:00: root bus resource [io  0x0d00-0xffff window]
[    0.534575] pci_bus 0000:00: root bus resource [mem 0x000a0000-0x000bffff window]
[    0.536235] pci_bus 0000:00: root bus resource [mem 0x80000000-0xfdffffff window]
[    0.537935] pci_bus 0000:00: root bus resource [bus 00-ff]
[    0.540886] pci 0000:00:01.1: legacy IDE quirk: reg 0x10: [io  0x01f0-0x01f7]
[    0.542280] pci 0000:00:01.1: legacy IDE quirk: reg 0x14: [io  0x03f6]
[    0.544508] pci 0000:00:01.1: legacy IDE quirk: reg 0x18: [io  0x0170-0x0177]
[    0.545919] pci 0000:00:01.1: legacy IDE quirk: reg 0x1c: [io  0x0376]
[    0.566990] pci 0000:00:07.0: quirk: [io  0x4000-0x403f] claimed by PIIX4 ACPI
[    0.580555] pci 0000:00:07.0: quirk: [io  0x4100-0x410f] claimed by PIIX4 SMB
[    0.589550] ACPI: PCI Interrupt Link [LNKA] (IRQs 5 9 10 *11)
[    0.591813] ACPI: PCI Interrupt Link [LNKB] (IRQs 5 9 *10 11)
[    0.593721] ACPI: PCI Interrupt Link [LNKC] (IRQs 5 *9 10 11)
[    0.595511] ACPI: PCI Interrupt Link [LNKD] (IRQs 5 9 10 *11)
[    0.597251] ACPI: Enabled 2 GPEs in block 00 to 07
[    0.598602] vgaarb: setting as boot device: PCI:0000:00:02.0
[    0.599827] vgaarb: device added: PCI:0000:00:02.0,decodes=io+mem,owns=io+mem,locks=none
[    0.601614] vgaarb: loaded
[    0.602316] vgaarb: bridge control possible 0000:00:02.0
[    0.603694] SCSI subsystem initialized
[    0.604820] ACPI: bus type USB registered
[    0.605709] usbcore: registered new interface driver usbfs
[    0.607257] usbcore: registered new interface driver hub
[    0.608808] usbcore: registered new device driver usb
[    0.610271] PCI: Using ACPI for IRQ routing
[    0.611518] NetLabel: Initializing
[    0.612322] NetLabel:  domain hash size = 128
[    0.613282] NetLabel:  protocols = UNLABELED CIPSOv4
[    0.614405] NetLabel:  unlabeled traffic allowed by default
[    0.615803] amd_nb: Cannot enumerate AMD northbridges
[    0.616946] clocksource: Switched to clocksource kvm-clock
[    0.624392] AppArmor: AppArmor Filesystem Enabled
[    0.625824] pnp: PnP ACPI init
[    0.627335] pnp: PnP ACPI: found 3 devices
[    0.638445] clocksource: acpi_pm: mask: 0xffffff max_cycles: 0xffffff, max_idle_ns: 2085701024 ns
[    0.640661] NET: Registered protocol family 2
[    0.641806] TCP established hash table entries: 16384 (order: 5, 131072 bytes)
[    0.643506] TCP bind hash table entries: 16384 (order: 6, 262144 bytes)
[    0.644869] TCP: Hash tables configured (established 16384 bind 16384)
[    0.646252] UDP hash table entries: 1024 (order: 3, 32768 bytes)
[    0.647466] UDP-Lite hash table entries: 1024 (order: 3, 32768 bytes)
[    0.649278] NET: Registered protocol family 1
[    0.650497] pci 0000:00:00.0: Limiting direct PCI/PCI transfers
[    0.652117] pci 0000:00:01.0: Activating ISA DMA hang workarounds
[    0.653526] Unpacking initramfs...
[    0.847473] Freeing initrd memory: 14824K
[    0.848554] clocksource: tsc: mask: 0xffffffffffffffff max_cycles: 0x311fd044566, max_idle_ns: 440795343519 ns
[    0.850900] platform rtc_cmos: registered platform RTC device (no PNP device found)
[    0.853728] Scanning for low memory corruption every 60 seconds
[    0.855252] audit: initializing netlink subsys (disabled)
[    0.856732] audit: type=2000 audit(1562161595.827:1): initialized
[    0.858198] Initialise system trusted keyring
[    0.859272] HugeTLB registered 2 MB page size, pre-allocated 0 pages
[    0.861727] zbud: loaded
[    0.862758] VFS: Disk quotas dquot_6.6.0
[    0.863669] VFS: Dquot-cache hash table entries: 512 (order 0, 4096 bytes)
[    0.865194] squashfs: version 4.0 (2009/01/31) Phillip Lougher
[    0.866709] fuse init (API version 7.23)
[    0.867810] Key type big_key registered
[    0.868699] Allocating IMA MOK and blacklist keyrings.
[    0.870779] Key type asymmetric registered
[    0.871709] Asymmetric key parser 'x509' registered
[    0.872956] Block layer SCSI generic (bsg) driver version 0.4 loaded (major 249)
[    0.874727] io scheduler noop registered
[    0.875606] io scheduler deadline registered (default)
[    0.876684] io scheduler cfq registered
[    0.877659] pci_hotplug: PCI Hot Plug PCI Core version: 0.5
[    0.878790] pciehp: PCI Express Hot Plug Controller Driver version: 0.4
[    0.880175] ACPI: AC Adapter [AC] (on-line)
[    0.881160] input: Power Button as /devices/LNXSYSTM:00/LNXPWRBN:00/input/input0
[    0.882806] ACPI: Power Button [PWRF]
[    0.883847] input: Sleep Button as /devices/LNXSYSTM:00/LNXSLPBN:00/input/input1
[    0.885499] ACPI: Sleep Button [SLPF]
[    0.886575] GHES: HEST is not enabled!
[    0.887659] Serial: 8250/16550 driver, 32 ports, IRQ sharing enabled
[    0.909638] 00:02: ttyS0 at I/O 0x3f8 (irq = 4, base_baud = 115200) is a 16550A
[    0.913814] Linux agpgart interface v0.103
[    0.917522] loop: module loaded
[    0.918833] scsi host0: ata_piix
[    0.919761] scsi host1: ata_piix
[    0.920568] ata1: PATA max UDMA/33 cmd 0x1f0 ctl 0x3f6 bmdma 0xd000 irq 14
[    0.921982] ata2: PATA max UDMA/33 cmd 0x170 ctl 0x376 bmdma 0xd008 irq 15
[    0.923770] libphy: Fixed MDIO Bus: probed
[    0.924765] tun: Universal TUN/TAP device driver, 1.6
[    0.925839] tun: (C) 1999-2004 Max Krasnyansky <maxk@qualcomm.com>
[    0.927187] PPP generic driver version 2.4.2
[    0.928227] ehci_hcd: USB 2.0 'Enhanced' Host Controller (EHCI) Driver
[    0.929521] ehci-pci: EHCI PCI platform driver
[    0.930501] ehci-platform: EHCI generic platform driver
[    0.931587] ohci_hcd: USB 1.1 'Open' Host Controller (OHCI) Driver
[    0.932823] ohci-pci: OHCI PCI platform driver
[    0.934000] ohci-platform: OHCI generic platform driver
[    0.935123] uhci_hcd: USB Universal Host Controller Interface driver
[    0.936500] i8042: PNP: PS/2 Controller [PNP0303:PS2K,PNP0f03:PS2M] at 0x60,0x64 irq 1,12
[    0.938895] serio: i8042 KBD port at 0x60,0x64 irq 1
[    0.940048] serio: i8042 AUX port at 0x60,0x64 irq 12
[    0.941322] mousedev: PS/2 mouse device common for all mice
[    0.942813] input: AT Translated Set 2 keyboard as /devices/platform/i8042/serio0/input/input2
[    0.945062] rtc_cmos rtc_cmos: rtc core: registered rtc_cmos as rtc0
[    0.946544] rtc_cmos rtc_cmos: alarms up to one day, 114 bytes nvram
[    0.947795] i2c /dev entries driver
[    0.948658] device-mapper: uevent: version 1.0.3
[    0.949776] device-mapper: ioctl: 4.34.0-ioctl (2015-10-28) initialised: dm-devel@redhat.com
[    0.951575] ledtrig-cpu: registered to indicate activity on CPUs
[    0.953124] NET: Registered protocol family 10
[    0.954283] NET: Registered protocol family 17
[    0.955265] Key type dns_resolver registered
[    0.956584] registered taskstats version 1
[    0.957544] Loading compiled-in X.509 certificates
[    0.959331] Loaded X.509 cert 'Build time autogenerated kernel key: 65139e04a67245b562a838c28b5e7032abdd4348'
[    0.961406] zswap: loaded using pool lzo/zbud
[    0.963808] Key type trusted registered
[    0.967134] Key type encrypted registered
[    0.968029] AppArmor: AppArmor sha1 policy hashing enabled
[    0.969124] ima: No TPM chip found, activating TPM-bypass!
[    0.970270] ima: Allocated hash algorithm: sha1
[    0.971246] evm: HMAC attrs: 0x1
[    0.972320]   Magic number: 11:843:785
[    0.973316]   hash matches /build/linux-aUWTNP/linux-4.4.0/drivers/base/power/main.c:1065
[    0.975235] rtc_cmos rtc_cmos: setting system clock to 2019-07-03 13:46:31 UTC (1562161591)
[    0.977292] BIOS EDD facility v0.16 2004-Jun-25, 0 devices found
[    0.978760] EDD information not available.
[    1.080626] Freeing unused kernel memory: 1484K
[    1.083958] Write protecting the kernel read-only data: 14336k
[    1.088932] Freeing unused kernel memory: 1616K
[    1.092943] Freeing unused kernel memory: 68K
Loading, please wait...
starting version 229
[    1.108614] random: systemd-udevd: uninitialized urandom read (16 bytes read, 3 bits of entropy available)
[    1.109182] random: udevadm: uninitialized urandom read (16 bytes read, 3 bits of entropy available)
[    1.109196] random: udevadm: uninitialized urandom read (16 bytes read, 3 bits of entropy available)
[    1.114817] random: systemd-udevd: uninitialized urandom read (16 bytes read, 3 bits of entropy available)
[    1.116864] random: udevadm: uninitialized urandom read (16 bytes read, 3 bits of entropy available)
[    1.116901] random: udevadm: uninitialized urandom read (16 bytes read, 3 bits of entropy available)
[    1.117096] random: udevadm: uninitialized urandom read (16 bytes read, 3 bits of entropy available)
[    1.117139] random: udevadm: uninitialized urandom read (16 bytes read, 3 bits of entropy available)
[    1.117184] random: udevadm: uninitialized urandom read (16 bytes read, 3 bits of entropy available)
[    1.117227] random: udevadm: uninitialized urandom read (16 bytes read, 3 bits of entropy available)
[    1.158666] e1000: Intel(R) PRO/1000 Network Driver - version 7.3.21-k8-NAPI
[    1.160038] e1000: Copyright (c) 1999-2006 Intel Corporation.
[    1.162137] Fusion MPT base driver 3.04.20
[    1.163336] Copyright (c) 1999-2008 LSI Corporation
[    1.183870] AVX2 version of gcm_enc/dec engaged.
[    1.184935] AES CTR mode by8 optimization enabled
[    1.193910] Fusion MPT SPI Host driver 3.04.20
[    1.390557] input: ImExPS/2 Generic Explorer Mouse as /devices/platform/i8042/serio1/input/input4
[    1.547400] e1000 0000:00:03.0 eth0: (PCI:33MHz:32-bit) 02:bd:e0:5c:30:55
[    1.548754] e1000 0000:00:03.0 eth0: Intel(R) PRO/1000 Network Connection
[    1.550891] mptbase: ioc0: Initiating bringup
[    1.551067] e1000 0000:00:03.0 enp0s3: renamed from eth0
[    1.628330] ioc0: LSI53C1030 A0: Capabilities={Initiator}
[    2.846293] scsi host2: ioc0: LSI53C1030 A0, FwRev=00000000h, Ports=1, MaxQ=256, IRQ=20
[    3.577093] scsi 2:0:0:0: Direct-Access     VBOX     HARDDISK         1.0  PQ: 0 ANSI: 5
[    3.583248] scsi target2:0:0: Beginning Domain Validation
[    3.591329] scsi target2:0:0: Domain Validation skipping write tests
[    3.594420] scsi target2:0:0: Ending Domain Validation
[    3.597184] scsi target2:0:0: asynchronous
[    3.600711] scsi 2:0:1:0: Direct-Access     VBOX     HARDDISK         1.0  PQ: 0 ANSI: 5
[    3.604445] scsi target2:0:1: Beginning Domain Validation
[    3.609179] scsi target2:0:1: Domain Validation skipping write tests
[    3.610938] scsi target2:0:1: Ending Domain Validation
[    3.612501] scsi target2:0:1: asynchronous
[    3.634305] sd 2:0:0:0: Attached scsi generic sg0 type 0
[    3.635667] sd 2:0:1:0: Attached scsi generic sg1 type 0
[    3.635841] sd 2:0:0:0: [sda] 20971520 512-byte logical blocks: (10.7 GB/10.0 GiB)
[    3.639231] sd 2:0:1:0: [sdb] 20480 512-byte logical blocks: (10.5 MB/10.0 MiB)
[    3.641337] sd 2:0:0:0: [sda] Write Protect is off
[    3.642859] sd 2:0:0:0: [sda] Incomplete mode parameter data
[    3.644085] sd 2:0:0:0: [sda] Assuming drive cache: write through
[    3.645454] sd 2:0:1:0: [sdb] Write Protect is off
[    3.646988] sd 2:0:1:0: [sdb] Incomplete mode parameter data
[    3.648138] sd 2:0:1:0: [sdb] Assuming drive cache: write through
[    3.651372]  sda: sda1
[    3.653755] sd 2:0:0:0: [sda] Attached SCSI disk
[    3.655682] sd 2:0:1:0: [sdb] Attached SCSI disk
Begin: Loading essential drivers ... [    5.145022] md: linear personality registered for level -1
[    5.148006] md: multipath personality registered for level -4
[    5.151025] md: raid0 personality registered for level 0
[    5.155058] md: raid1 personality registered for level 1
[    5.225133] raid6: sse2x1   gen() 12171 MB/s
[    5.293315] raid6: sse2x1   xor()  8903 MB/s
[    5.360983] raid6: sse2x2   gen() 14900 MB/s
[    5.429273] raid6: sse2x2   xor() 10215 MB/s
[    5.497340] raid6: sse2x4   gen() 16345 MB/s
[    5.564992] raid6: sse2x4   xor() 10651 MB/s
[    5.633259] raid6: avx2x1   gen() 23921 MB/s
[    5.701590] raid6: avx2x2   gen() 28468 MB/s
[    5.768959] raid6: avx2x4   gen() 30783 MB/s
[    5.769921] raid6: using algorithm avx2x4 gen() 30783 MB/s
[    5.771100] raid6: using avx2x2 recovery algorithm
[    5.773460] xor: automatically using best checksumming function:
[    5.812960]    avx       : 25863.000 MB/sec
[    5.816229] async_tx: api initialized (async)
[    5.825624] md: raid6 personality registered for level 6
[    5.826854] md: raid5 personality registered for level 5
[    5.827973] md: raid4 personality registered for level 4
[    5.834620] md: raid10 personality registered for level 10
done.
Begin: Running /scripts/init-premount ... done.
Begin: Mounting root file system ... Begin: Running /scripts/local-top ... done.
Begin: Running /scripts/local-premount ... [    5.864382] Btrfs loaded
Scanning for Btrfs filesystems
done.
Warning: fsck not present, so skipping root file system
[    5.894460] EXT4-fs (sda1): mounted filesystem with ordered data mode. Opts: (null)
done.
Begin: Running /scripts/local-bottom ... done.
Begin: Running /scripts/init-bottom ... done.
[    5.986978] systemd[1]: systemd 229 running in system mode. (+PAM +AUDIT +SELINUX +IMA +APPARMOR +SMACK +SYSVINIT +UTMP +LIBCRYPTSETUP +GCRYPT +GNUTLS +ACL +XZ -LZ4 +SECCOMP +BLKID +ELFUTILS +KMOD -IDN)
[    5.990722] systemd[1]: Detected virtualization oracle.
[    5.991824] systemd[1]: Detected architecture x86-64.

Welcome to [1mUbuntu 16.04.6 LTS[0m!

[    5.996468] systemd[1]: Set hostname to <ubuntu-xenial>.
[    6.140181] systemd[1]: Started Trigger resolvconf update for networkd DNS.
[[0;32m  OK  [0m] Started Trigger resolvconf update for networkd DNS.
[    6.142622] systemd[1]: Listening on LVM2 metadata daemon socket.
[[0;32m  OK  [0m] Listening on LVM2 metadata daemon socket.
[    6.144696] systemd[1]: Listening on LVM2 poll daemon socket.
[[0;32m  OK  [0m] Listening on LVM2 poll daemon socket.
[    6.153201] systemd[1]: Reached target Swap.
[[0;32m  OK  [0m] Reached target Swap.
[    6.154800] systemd[1]: Listening on Device-mapper event daemon FIFOs.
[[0;32m  OK  [0m] Listening on Device-mapper event daemon FIFOs.
[    6.165630] systemd[1]: Created slice System Slice.
[[0;32m  OK  [0m] Created slice System Slice.
[    6.174063] systemd[1]: Listening on Journal Socket.
[[0;32m  OK  [0m] Listening on Journal Socket.
[    6.185886] systemd[1]: Starting Monitoring of LVM2 mirrors, snapshots etc. using dmeventd or progress polling...
         Starting Monitoring of LVM2 mirrors... dmeventd or progress polling...
[    6.197732] systemd[1]: Mounting Debug File System...
         Mounting Debug File System...
[    6.200188] systemd[1]: Starting Uncomplicated firewall...
         Starting Uncomplicated firewall...
[    6.202524] systemd[1]: Set up automount Arbitrary Executable File Formats File System Automount Point.
[[0;32m  OK  [0m] Set up automount Arbitrary Executab...ats File System Automount Point.
[    6.206823] systemd[1]: Starting Set console keymap...
         Starting Set console keymap...
[    6.210113] systemd[1]: Starting Remount Root and Kernel File Systems...
         Starting Remount Root and Kernel File Systems...
[    6.213454] EXT4-fs (sda1): re-mounted. Opts: (null)
[    6.213926] systemd[1]: Mounting Huge Pages File System...
         Mounting Huge Pages File System...
[    6.219481] systemd[1]: Starting Nameserver information manager...
         Starting Nameserver information manager...
[    6.221669] systemd[1]: Listening on /dev/initctl Compatibility Named Pipe.
[[0;32m  OK  [0m] Listening on /dev/initctl Compatibility Named Pipe.
[    6.224775] systemd[1]: Started Forward Password Requests to Wall Directory Watch.
[[0;32m  OK  [0m] Started Forward Password Requests to Wall Directory Watch.
[    6.233144] systemd[1]: Reached target User and Group Name Lookups.
[[0;32m  OK  [0m] Reached target User and Group Name Lookups.
[    6.235466] systemd[1]: Listening on Journal Audit Socket.
[[0;32m  OK  [0m] Listening on Journal Audit Socket.
[    6.237329] systemd[1]: Listening on Syslog Socket.
[[0;32m  OK  [0m] Listening on Syslog Socket.
[    6.239245] systemd[1]: Reached target Encrypted Volumes.
[[0;32m  OK  [0m] Reached target Encrypted Volumes.
[    6.241457] systemd[1]: Created slice User and Session Slice.
[[0;32m  OK  [0m] Created slice User and Session Slice.
[    6.249211] systemd[1]: Reached target Slices.
[[0;32m  OK  [0m] Reached target Slices.
[    6.250698] systemd[1]: Reached target System Time Synchronized.
[[0;32m  OK  [0m] Reached target System Time Synchronized.
[    6.258209] systemd[1]: Listening on udev Kernel Socket.
[[0;32m  OK  [0m] Listening on udev Kernel Socket.
[    6.281572] systemd[1]: Starting Load Kernel Modules...
         Starting Load Kernel Modules...
[    6.285832] systemd[1]: Mounting POSIX Message Queue File System...
         Mounting POSIX Message Queue File System...
[    6.293723] systemd[1]: Listening on udev Control Socket.
[[0;32m  OK  [0m] Listening on udev Control Socket.
[    6.296174] Loading iSCSI transport class v2.0-870.
[    6.301586] systemd[1]: Created slice system-serial\x2dgetty.slice.
[[0;32m  OK  [0m] Created slice system-serial\x2dgetty.slice.
[    6.305099] iscsi: registered transport (tcp)
[    6.305173] systemd[1]: Listening on Journal Socket (/dev/log).
[[0;32m  OK  [0m] Listening on Journal Socket (/dev/log).
[    6.309615] systemd[1]: Starting Journal Service...
         Starting Journal Service...
[    6.322617] systemd[1]: Starting Create list of required static device nodes for the current kernel...
         Starting Create list of required st... nodes for the current kernel...
[    6.334485] systemd[1]: Mounted Debug File System.
[[0;32m  OK  [0m] Mounted Debug File System.
[    6.336395] systemd[1]: Mounted Huge Pages File System.
[[0;32m  OK  [0m] Mounted Huge Pages File System.
[    6.339157] systemd[1]: Mounted POSIX Message Queue File System.
[[0;32m  OK  [0m] Mounted POSIX Message Queue File System.
[    6.344794] iscsi: registered transport (iser)
[    6.350625] systemd[1]: Started Journal Service.
[[0;32m  OK  [0m] Started Journal Service.
[[0;32m  OK  [0m] Started Uncomplicated firewall.
[[0;32m  OK  [0m] Started Set console keymap.
[[0;32m  OK  [0m] Started Remount Root and Kernel File Systems.
[[0;32m  OK  [0m] Started Load Kernel Modules.
[[0;32m  OK  [0m] Started Create list of required sta...ce nodes for the current kernel.
[[0;32m  OK  [0m] Started Nameserver information manager.
[[0;32m  OK  [0m] Started LVM2 metadata daemon.
         Starting Create Static Device Nodes in /dev...
         Mounting FUSE Control File System...
         Starting Apply Kernel Variables...
         Starting Load/Save Random Seed...
         Starting udev Coldplug all Devices...
         Starting Flush Journal to Persistent Storage...
[[0;32m  OK  [0m] Mounted FUSE Control File System.
[[0;32m  OK  [0m] Started Create Static Device Nodes in /dev.
[[0;32m  OK  [0m] Started Apply Kernel Variables.
[[0;32m  OK  [0m] Started Load/Save Random Seed.
[[0;32m  OK  [0m] Started Flush Journal to Persistent Storage.
         Starting udev Kernel Device Manager...
[[0;32m  OK  [0m] Started udev Coldplug all Devices.
[[0;32m  OK  [0m] Started udev Kernel Device Manager.
[[0;32m  OK  [0m] Started Dispatch Password Requests to Console Directory Watch.
[[0;32m  OK  [0m] Found device /dev/ttyS0.
[[0;32m  OK  [0m] Listening on Load/Save RF Kill Switch Status /dev/rfkill Watch.
[[0;32m  OK  [0m] Found device 82540EM Gigabit Ethern...r (PRO/1000 MT Desktop Adapter).
[[0;32m  OK  [0m] Started Monitoring of LVM2 mirrors,...ng dmeventd or progress polling.
[[0;32m  OK  [0m] Reached target Local File Systems (Pre).
[[0;32m  OK  [0m] Reached target Local File Systems.
         Starting Tell Plymouth To Write Out Runtime Data...
         Starting Initial cloud-init job (pre-networking)...
         Starting Set console font and keymap...
         Starting Create Volatile Files and Directories...
         Starting LSB: AppArmor initialization...
[[0;32m  OK  [0m] Started Tell Plymouth To Write Out Runtime Data.
[[0;32m  OK  [0m] Started Create Volatile Files and Directories.
         Starting Update UTMP about System Boot/Shutdown...
[[0;32m  OK  [0m] Started Update UTMP about System Boot/Shutdown.
[[0;32m  OK  [0m] Started LSB: AppArmor initialization.
[[0;32m  OK  [0m] Started Set console font and keymap.
[[0;32m  OK  [0m] Created slice system-getty.slice.
[    8.071013] cloud-init[623]: Cloud-init v. 19.1-1-gbaa47854-0ubuntu1~16.04.1 running 'init-local' at Wed, 03 Jul 2019 13:46:38 +0000. Up 7.78 seconds.
[[0;32m  OK  [0m] Started Initial cloud-init job (pre-networking).
[[0;32m  OK  [0m] Reached target Network (Pre).
[[0;32m  OK  [0m] Started ifup for enp0s3.
         Starting Raise network interfaces...
[[0;32m  OK  [0m] Started Raise network interfaces.
         Starting Initial cloud-init job (metadata service crawler)...
[[0;32m  OK  [0m] Reached target Network.
[    8.972987] cloud-init[981]: Cloud-init v. 19.1-1-gbaa47854-0ubuntu1~16.04.1 running 'init' at Wed, 03 Jul 2019 13:46:39 +0000. Up 8.66 seconds.
[    8.980725] cloud-init[981]: ci-info: ++++++++++++++++++++++++++++++++++++++Net device info++++++++++++++++++++++++++++++++++++++
[    8.982050] cloud-init[981]: ci-info: +--------+------+----------------------------+---------------+--------+-------------------+
[    8.992382] cloud-init[981]: ci-info: | Device |  Up  |          Address           |      Mask     | Scope  |     Hw-Address    |
[    8.993916] cloud-init[981]: ci-info: +--------+------+----------------------------+---------------+--------+-------------------+
[    9.000814] cloud-init[981]: ci-info: | enp0s3 | True |         10.0.2.15          | 255.255.255.0 | global | 02:bd:e0:5c:30:55 |
[    9.002217] cloud-init[981]: ci-info: | enp0s3 | True | fe80::bd:e0ff:fe5c:3055/64 |       .       |  link  | 02:bd:e0:5c:30:55 |
[    9.003843] cloud-init[981]: ci-info: |   lo   | True |         127.0.0.1          |   255.0.0.0   |  host  |         .         |
[    9.004962] cloud-init[981]: ci-info: |   lo   | True |          ::1/128           |       .       |  host  |         .         |
[    9.012308] cloud-init[981]: ci-info: +--------+------+----------------------------+---------------+--------+-------------------+
[    9.020159] cloud-init[981]: ci-info: +++++++++++++++++++++++++++Route IPv4 info++++++++++++++++++++++++++++
[    9.020856] cloud-init[981]: ci-info: +-------+-------------+----------+---------------+-----------+-------+
[    9.021311] cloud-init[981]: ci-info: | Route | Destination | Gateway  |    Genmask    | Interface | Flags |
[    9.022482] cloud-init[981]: ci-info: +-------+-------------+----------+---------------+-----------+-------+
[    9.023647] cloud-init[981]: ci-info: |   0   |   0.0.0.0   | 10.0.2.2 |    0.0.0.0    |   enp0s3  |   UG  |[[0;32m  OK  [0m] Started Initial cloud-init job (metadata service crawler).

[    9.032847] [[0;32m  OK  [0m] Reached target Network is Online.
cloud-init[981]: ci-info: |   1   |   10.0.2.0  | 0.0.0.0  | 255.255.255.0 |   enp0s3  |   U   |
[    9.034317] cloud-init[981]: ci-info: +-------+-------------+----------+---------------+-----------+-------+
[    9.035423] cloud-init[981]: ci-info: +++++++++++++++++++Route IPv6 info+++++++++++++++++++
[    9.036212] cloud-init[981]: ci-info: +-------+-------------+---------+-----------+-------+
[    9.045345]          cloud-initStarting iSCSI initiator daemon (iscsid)...[981]: 
ci-info: | Route | Destination | Gateway | Interface | Flags |
[    9.047342] [cloud-init[0;32m  OK  [0m[981]: ] ci-info: +-------+-------------+---------+-----------+-------+Reached target Cloud-config availability.

[[0;32m  OK  [0m] Reached target System Initialization.
         Starting LXD - unix socket.
[    9.049627] cloud-init[981]: ci-info: |   0   |  fe80::/64  |    ::   |   enp0s3  |   U   |
[[0;32m  OK  [0m] Listening on ACPID Listen Socket.
[[0;32m  OK  [0m] Started Daily Cleanup of Temporary Directories.
[    9.050439] cloud-init[981]: ci-info: |   3   |   ff00::/8  |    ::   |   enp0s3  |   U   |
[[0;32m  OK  [0m] Started ACPI Events Check.
[[0;32m  OK  [0m] Reached target Paths.
         Starting Socket activation for snappy daemon.
[    9.054075] cloud-init[981]: ci-info: +-------+-------------+---------+-----------+-------+
[[0;32m  OK  [0m] Started Daily apt download activities.
[[0;32m  OK  [0m] Started Daily apt upgrade and clean activities.
[[0;32m  OK  [0m] Listening on UUID daemon activation socket.
[[0;32m  OK  [0m] Listening on D-Bus System Message Bus Socket.
[[0;32m  OK  [0m] Started Clean PHP session files every 30 mins.
[[0;32m  OK  [0m] Reached target Timers.
[[0;32m  OK  [0m] Listening on LXD - unix socket.
[[0;32m  OK  [0m] Listening on Socket activation for snappy daemon.
[[0;32m  OK  [0m] Started iSCSI initiator daemon (iscsid).
         Starting Login to default iSCSI targets...
[[0;32m  OK  [0m] Reached target Sockets.
[[0;32m  OK  [0m] Reached target Basic System.
         Starting Virtualbox guest utils...
[[0;32m  OK  [0m] Started FUSE filesystem for LXC.
[[0;32m  OK  [0m] Started D-Bus System Message Bus.
         Starting Login Service...
         Starting OpenBSD Secure Shell server...
         Starting LSB: MD monitoring daemon...
         Starting /etc/rc.local Compatibility...
         Starting LSB: Record successful boot for GRUB...
[[0;32m  OK  [0m] Started Deferred execution scheduler.
         Starting System Logging Service...
[[0;32m  OK  [0m] Started ACPI event daemon.
         Starting Accounts Service...
         Starting MySQL Community Server...
         Starting Snappy daemon...
[[0;32m  OK  [0m] Started Regular background program processing daemon.
         Starting LXD - container startup/shutdown...
[[0;32m  OK  [0m] Started /etc/rc.local Compatibility.
[[0;32m  OK  [0m] Started OpenBSD Secure Shell server.
[[0;32m  OK  [0m] Started System Logging Service.
[[0;32m  OK  [0m] Started Login to default iSCSI targets.
[[0;32m  OK  [0m] Started LSB: Record successful boot for GRUB.
[[0;32m  OK  [0m] Started LSB: MD monitoring daemon.
[[0;32m  OK  [0m] Started Virtualbox guest utils.
[[0;32m  OK  [0m] Started Login Service.
[[0;32m  OK  [0m] Started Unattended Upgrades Shutdown.
         Starting Authenticate and Authorize Users to Run Privileged Tasks...
[[0;32m  OK  [0m] Reached target Remote File Systems (Pre).
[[0;32m  OK  [0m] Reached target Remote File Systems.
         Starting LSB: Apache2 web server...
         Starting Permit User Sessions...
         Starting LSB: Set the CPU Frequency Scaling governor to "ondemand"...
         Starting LSB: automatic crash report generation...
         Starting LSB: daemon to balance interrupts for SMP systems...
[[0;32m  OK  [0m] Started LXD - container startup/shutdown.
[[0;32m  OK  [0m] Started Permit User Sessions.
         Starting Terminate Plymouth Boot Screen...
         Starting Hold until boot process finishes up...
[[0;32m  OK  [0m] Started LSB: Set the CPU Frequency Scaling governor to "ondemand".
[[0;32m  OK  [0m] Started LSB: daemon to balance interrupts for SMP systems.
[[0;32m  OK  [0m] Started Terminate Plymouth Boot Screen.
[[0;32m  OK  [0m] Started Hold until boot process finishes up.
[[0;32m  OK  [0m] Started Authenticate and Authorize Users to Run Privileged Tasks.
[[0;32m  OK  [0m] Started Accounts Service.
[[0;32m  OK  [0m] Started Getty on tty1.
         Starting Set console scheme...
[[0;32m  OK  [0m] Started Serial Getty on ttyS0.
[[0;32m  OK  [0m] Reached target Login Prompts.
[[0;32m  OK  [0m] Started LSB: automatic crash report generation.
[[0;32m  OK  [0m] Started Set console scheme.
[[0;32m  OK  [0m] Started Snappy daemon.
         Starting Wait until snapd is fully seeded...
[[0;32m  OK  [0m] Started Wait until snapd is fully seeded.
         Starting Apply the settings specified in cloud-config...
[   10.224482] cloud-init[1274]: Cloud-init v. 19.1-1-gbaa47854-0ubuntu1~16.04.1 running 'modules:config' at Wed, 03 Jul 2019 13:46:40 +0000. Up 10.11 seconds.
[[0;32m  OK  [0m] Started Apply the settings specified in cloud-config.
[[0;32m  OK  [0m] Started MySQL Community Server.
[[0;32m  OK  [0m] Started LSB: Apache2 web server.
[[0;32m  OK  [0m] Reached target Multi-User System.
         Starting Execute cloud user/final scripts...
[[0;32m  OK  [0m] Reached target Graphical Interface.
         Starting Update UTMP about System Runlevel Changes...
[[0;32m  OK  [0m] Started Update UTMP about System Runlevel Changes.
[   11.318714] cloud-init[1331]: Cloud-init v. 19.1-1-gbaa47854-0ubuntu1~16.04.1 running 'modules:final' at Wed, 03 Jul 2019 13:46:42 +0000. Up 11.19 seconds.
[   11.328361] cloud-init[1331]: Cloud-init v. 19.1-1-gbaa47854-0ubuntu1~16.04.1 finished at Wed, 03 Jul 2019 13:46:42 +0000. Datasource DataSourceNoCloud [seed=/dev/sdb][dsmode=net].  Up 11.31 seconds
[[0;32m  OK  [0m] Started Execute cloud user/final scripts.
[[0;32m  OK  [0m] Reached target Cloud-init target.

Ubuntu 16.04.6 LTS ubuntu-xenial ttyS0

ubuntu-xenial login: [[0;32m  OK  [0m] Stopped target Graphical Interface.
         Stopping Session 3 of user vagrant.
[[0;32m  OK  [0m] Closed Load/Save RF Kill Switch Status /dev/rfkill Watch.
         Stopping User Manager for UID 1000...
         Stopping Authenticate and Authorize Users to Run Privileged Tasks...
         Stopping Accounts Service...
         Stopping ACPI event daemon...
[[0;32m  OK  [0m] Stopped target Cloud-init target.
         Stopping Session 2 of user vagrant.
[[0;32m  OK  [0m] Stopped target Timers.
[[0;32m  OK  [0m] Stopped Execute cloud user/final scripts.
[[0;32m  OK  [0m] Stopped Apply the settings specified in cloud-config.
[[0;32m  OK  [0m] Stopped target Multi-User System.
         Stopping LXD - container startup/shutdown...
         Stopping Deferred execution scheduler...
         Stopping Regular background program processing daemon...
         Stopping LSB: Apache2 web server...
         Stopping System Logging Service...
         Stopping LSB: Set the CPU Frequency Scaling governor to "ondemand"...
         Stopping D-Bus System Message Bus...
         Stopping LSB: daemon to balance interrupts for SMP systems...
[[0;32m  OK  [0m] Stopped target Login Prompts.
         Stopping Serial Getty on ttyS0...
         Stopping Getty on tty1...
         Stopping LSB: Record successful boot for GRUB...
         Stopping OpenBSD Secure Shell server...
         Stopping LSB: MD monitoring daemon...
         Stopping Unattended Upgrades Shutdown...
[[0;32m  OK  [0m] Stopped Wait until snapd is fully seeded.
[[0;32m  OK  [0m] Stopped target Cloud-config availability.
         Stopping Virtualbox guest utils...
         Stopping MySQL Community Server...
[[0;32m  OK  [0m] Stopped Clean PHP session files every 30 mins.
         Stopping LSB: automatic crash report generation...
         Stopping FUSE filesystem for LXC...
[[0;32m  OK  [0m] Stopped Daily Cleanup of Temporary Directories.
[[0;32m  OK  [0m] Stopped Daily apt upgrade and clean activities.
[[0;32m  OK  [0m] Stopped Daily apt download activities.
[[0;32m  OK  [0m] Stopped target System Time Synchronized.
[[0;32m  OK  [0m] Unmounted /var/lib/lxcfs.
[[0;32m  OK  [0m] Stopped Deferred execution scheduler.
[[0;32m  OK  [0m] Stopped System Logging Service.
[[0;32m  OK  [0m] Stopped ACPI event daemon.
[[0;32m  OK  [0m] Stopped Accounts Service.
[[0;32m  OK  [0m] Stopped Regular background program processing daemon.
[[0;32m  OK  [0m] Stopped OpenBSD Secure Shell server.
[[0;32m  OK  [0m] Stopped Unattended Upgrades Shutdown.
[[0;32m  OK  [0m] Stopped Authenticate and Authorize Users to Run Privileged Tasks.
[[0;32m  OK  [0m] Stopped Getty on tty1.
[[0;32m  OK  [0m] Stopped Serial Getty on ttyS0.
[[0;32m  OK  [0m] Stopped User Manager for UID 1000.
[[0;32m  OK  [0m] Stopped Session 2 of user vagrant.
[[0;32m  OK  [0m] Stopped Session 3 of user vagrant.
[[0;32m  OK  [0m] Stopped D-Bus System Message Bus.
[[0;32m  OK  [0m] Stopped FUSE filesystem for LXC.
[[0;32m  OK  [0m] Stopped LXD - container startup/shutdown.
[[0;32m  OK  [0m] Stopped LSB: MD monitoring daemon.
[[0;32m  OK  [0m] Stopped LSB: daemon to balance interrupts for SMP systems.
[[0;32m  OK  [0m] Stopped LSB: Record successful boot for GRUB.
[[0;32m  OK  [0m] Stopped LSB: Set the CPU Frequency Scaling governor to "ondemand".
[[0;32m  OK  [0m] Stopped LSB: automatic crash report generation.
[[0;32m  OK  [0m] Stopped Virtualbox guest utils.
[[0;32m  OK  [0m] Stopped User Manager for UID 1000.
[[0;32m  OK  [0m] Removed slice User Slice of vagrant.
[[0;32m  OK  [0m] Removed slice system-serial\x2dgetty.slice.
         Stopping Permit User Sessions...
[[0;32m  OK  [0m] Removed slice system-getty.slice.
[[0;32m  OK  [0m] Stopped /etc/rc.local Compatibility.
         Stopping Login Service...
[[0;32m  OK  [0m] Stopped Permit User Sessions.
[[0;32m  OK  [0m] Removed slice User Slice of vagrant.
[[0;32m  OK  [0m] Stopped Login Service.
[[0;32m  OK  [0m] Stopped target User and Group Name Lookups.
[[0;32m  OK  [0m] Stopped LSB: Apache2 web server.
[[0;32m  OK  [0m] Stopped target Remote File Systems.
[[0;32m  OK  [0m] Stopped target Remote File Systems (Pre).
         Stopping Login to default iSCSI targets...
[[0;32m  OK  [0m] Stopped Login to default iSCSI targets.
         Stopping iSCSI initiator daemon (iscsid)...
[[0;32m  OK  [0m] Stopped iSCSI initiator daemon (iscsid).
[[0;32m  OK  [0m] Stopped target Network is Online.
[[0;32m  OK  [0m] Stopped MySQL Community Server.
[[0;32m  OK  [0m] Stopped target Network.
[[0;32m  OK  [0m] Stopped target Basic System.
[[0;32m  OK  [0m] Stopped target Sockets.
[[0;32m  OK  [0m] Closed ACPID Listen Socket.
[[0;32m  OK  [0m] Closed LXD - unix socket.
[[0;32m  OK  [0m] Closed Socket activation for snappy daemon.
[[0;32m  OK  [0m] Closed Syslog Socket.
[[0;32m  OK  [0m] Closed D-Bus System Message Bus Socket.
[[0;32m  OK  [0m] Closed UUID daemon activation socket.
[[0;32m  OK  [0m] Stopped target Paths.
[[0;32m  OK  [0m] Stopped Forward Password Requests to Wall Directory Watch.
[[0;32m  OK  [0m] Stopped Dispatch Password Requests to Console Directory Watch.
[[0;32m  OK  [0m] Stopped ACPI Events Check.
[[0;32m  OK  [0m] Stopped target System Initialization.
         Stopping Update UTMP about System Boot/Shutdown...
[[0;32m  OK  [0m] Stopped target Encrypted Volumes.
[[0;32m  OK  [0m] Stopped Initial cloud-init job (metadata service crawler).
         Stopping Raise network interfaces...
[[0;32m  OK  [0m] Stopped target Swap.
         Stopping Load/Save Random Seed...
[[0;32m  OK  [0m] Stopped target Slices.
[[0;32m  OK  [0m] Removed slice User and Session Slice.
[[0;32m  OK  [0m] Stopped Load/Save Random Seed.
[[0;32m  OK  [0m] Stopped Update UTMP about System Boot/Shutdown.
[[0;32m  OK  [0m] Stopped Create Volatile Files and Directories.
[[0;32m  OK  [0m] Stopped Raise network interfaces.
[[0;32m  OK  [0m] Stopped Apply Kernel Variables.
[[0;32m  OK  [0m] Stopped Load Kernel Modules.
[[0;32m  OK  [0m] Stopped target Local File Systems.
         Unmounting /run/user/1000...
         Unmounting /vagrant...
[[0;32m  OK  [0m] Stopped target Network (Pre).
[[0;32m  OK  [0m] Stopped Initial cloud-init job (pre-networking).
[[0;32m  OK  [0m] Unmounted /run/user/1000.
[[0;32m  OK  [0m] Unmounted /vagrant.
[[0;32m  OK  [0m] Reached target Unmount All Filesystems.
[[0;32m  OK  [0m] Stopped target Local File Systems (Pre).
[[0;32m  OK  [0m] Stopped Create Static Device Nodes in /dev.
[[0;32m  OK  [0m] Stopped Remount Root and Kernel File Systems.
[[0;32m  OK  [0m] Reached target Shutdown.
[  671.079509] reboot: Power down
